ERROR	[2026-03-23 14:27:42,431] [main] (LoggerMgr.java:31)
     	Unparseable number: "-"

ERROR	[2026-03-23 14:27:42,431] [main] (LoggerMgr.java:31)
     	Unparseable number: "-"

ERROR	[2026-03-23 14:27:42,431] [main] (LoggerMgr.java:31)
     	Unparseable number: "-"

ERROR	[2026-03-23 14:27:42,431] [main] (LoggerMgr.java:31)
     	Unparseable number: "-"

ERROR	[2026-03-23 14:27:42,431] [main] (LoggerMgr.java:31)
     	Unparseable number: "-"

ERROR	[2026-03-23 14:27:42,431] [main] (LoggerMgr.java:31)
     	Unparseable number: "-"

ERROR	[2026-03-23 14:27:42,431] [main] (LoggerMgr.java:31)
     	Unparseable number: "-"

ERROR	[2026-03-23 14:27:42,431] [main] (LoggerMgr.java:31)
     	Unparseable number: "-"

ERROR	[2026-03-23 14:27:42,431] [main] (LoggerMgr.java:31)
     	Unparseable number: "-"

ERROR	[2026-03-23 14:27:42,444] [main] (LoggerMgr.java:31)
     	Unparseable number: "-"

ERROR	[2026-03-23 14:27:42,444] [main] (LoggerMgr.java:31)
     	Unparseable number: "-"

ERROR	[2026-03-23 14:27:42,444] [main] (LoggerMgr.java:31)
     	Unparseable number: "-"

ERROR	[2026-03-23 14:27:42,444] [main] (LoggerMgr.java:31)
     	Unparseable number: "-"

ERROR	[2026-03-23 14:27:42,444] [main] (LoggerMgr.java:31)
     	Unparseable number: "-"

ERROR	[2026-03-23 14:27:42,444] [main] (LoggerMgr.java:31)
     	Unparseable number: "-"

ERROR	[2026-03-23 14:27:42,444] [main] (LoggerMgr.java:31)
     	Unparseable number: "-"

ERROR	[2026-03-23 14:27:42,446] [main] (LoggerMgr.java:31)
     	Unparseable number: "-"

ERROR	[2026-03-23 14:30:27,762] [main] (LoggerMgr.java:31)
     	For input string: "-"

ERROR	[2026-03-23 14:30:36,914] [main] (LoggerMgr.java:31)
     	Cannot invoke "java.util.List.iterator()" because "values" is null

ERROR	[2026-03-23 14:32:37,577] [main] (LoggerMgr.java:31)
     	For input string: "-"

ERROR	[2026-03-23 14:32:37,577] [main] (LoggerMgr.java:31)
     	Cannot invoke "java.util.List.iterator()" because "values" is null

ERROR	[2026-03-23 14:33:06,848] [main] (LoggerMgr.java:31)
     	Unparseable number: "-"

ERROR	[2026-03-23 14:33:06,848] [main] (LoggerMgr.java:31)
     	Unparseable number: "-"

ERROR	[2026-03-23 14:33:06,848] [main] (LoggerMgr.java:31)
     	Unparseable number: "-"

ERROR	[2026-03-23 14:33:06,848] [main] (LoggerMgr.java:31)
     	Unparseable number: "-"

ERROR	[2026-03-23 14:33:06,848] [main] (LoggerMgr.java:31)
     	Unparseable number: "-"

ERROR	[2026-03-23 14:33:06,848] [main] (LoggerMgr.java:31)
     	Unparseable number: "-"

ERROR	[2026-03-23 14:33:06,848] [main] (LoggerMgr.java:31)
     	Unparseable number: "-"

ERROR	[2026-03-23 14:33:06,848] [main] (LoggerMgr.java:31)
     	Unparseable number: "-"

ERROR	[2026-03-23 14:33:06,848] [main] (LoggerMgr.java:31)
     	Unparseable number: "-"

ERROR	[2026-03-23 14:33:06,848] [main] (LoggerMgr.java:31)
     	Unparseable number: "-"

ERROR	[2026-03-23 14:33:06,848] [main] (LoggerMgr.java:31)
     	Unparseable number: "-"

ERROR	[2026-03-23 14:33:06,848] [main] (LoggerMgr.java:31)
     	Unparseable number: "-"

ERROR	[2026-03-23 14:33:06,848] [main] (LoggerMgr.java:31)
     	Unparseable number: "-"

ERROR	[2026-03-23 14:33:06,848] [main] (LoggerMgr.java:31)
     	Unparseable number: "-"

ERROR	[2026-03-23 14:33:06,848] [main] (LoggerMgr.java:31)
     	Unparseable number: "-"

ERROR	[2026-03-23 14:33:06,848] [main] (LoggerMgr.java:31)
     	Unparseable number: "-"

ERROR	[2026-03-23 14:33:06,848] [main] (LoggerMgr.java:31)
     	Unparseable number: "-"

ERROR	[2026-03-23 14:34:07,901] [main] (LoggerMgr.java:31)
     	For input string: "-"

ERROR	[2026-03-23 14:34:07,902] [main] (LoggerMgr.java:31)
     	Cannot invoke "java.util.List.iterator()" because "values" is null

ERROR	[2026-03-23 14:34:37,807] [main] (LoggerMgr.java:31)
     	Unparseable number: "-"

ERROR	[2026-03-23 14:34:37,808] [main] (LoggerMgr.java:31)
     	Unparseable number: "-"

ERROR	[2026-03-23 14:34:37,809] [main] (LoggerMgr.java:31)
     	Unparseable number: "-"

ERROR	[2026-03-23 14:34:37,809] [main] (LoggerMgr.java:31)
     	Unparseable number: "-"

ERROR	[2026-03-23 14:34:37,809] [main] (LoggerMgr.java:31)
     	Unparseable number: "-"

ERROR	[2026-03-23 14:34:37,809] [main] (LoggerMgr.java:31)
     	Unparseable number: "-"

ERROR	[2026-03-23 14:34:37,809] [main] (LoggerMgr.java:31)
     	Unparseable number: "-"

ERROR	[2026-03-23 14:34:37,809] [main] (LoggerMgr.java:31)
     	Unparseable number: "-"

ERROR	[2026-03-23 14:34:37,809] [main] (LoggerMgr.java:31)
     	Unparseable number: "-"

ERROR	[2026-03-23 14:34:37,809] [main] (LoggerMgr.java:31)
     	Unparseable number: "-"

ERROR	[2026-03-23 14:34:37,809] [main] (LoggerMgr.java:31)
     	Unparseable number: "-"

ERROR	[2026-03-23 14:34:37,809] [main] (LoggerMgr.java:31)
     	Unparseable number: "-"

ERROR	[2026-03-23 14:34:37,810] [main] (LoggerMgr.java:31)
     	Unparseable number: "-"

ERROR	[2026-03-23 14:34:37,810] [main] (LoggerMgr.java:31)
     	Unparseable number: "-"

ERROR	[2026-03-23 14:34:37,810] [main] (LoggerMgr.java:31)
     	Unparseable number: "-"

ERROR	[2026-03-23 14:34:37,810] [main] (LoggerMgr.java:31)
     	Unparseable number: "-"

ERROR	[2026-03-23 14:34:37,811] [main] (LoggerMgr.java:31)
     	Unparseable number: "-"

ERROR	[2026-03-23 14:37:26,332] [main] (LoggerMgr.java:31)
     	Unparseable number: "-"

ERROR	[2026-03-23 14:37:26,333] [main] (LoggerMgr.java:31)
     	Unparseable number: "-"

ERROR	[2026-03-23 14:37:26,334] [main] (LoggerMgr.java:31)
     	Unparseable number: "-"

ERROR	[2026-03-23 14:37:26,334] [main] (LoggerMgr.java:31)
     	Unparseable number: "-"

ERROR	[2026-03-23 14:37:26,334] [main] (LoggerMgr.java:31)
     	Unparseable number: "-"

ERROR	[2026-03-23 14:37:26,334] [main] (LoggerMgr.java:31)
     	Unparseable number: "-"

ERROR	[2026-03-23 14:37:26,334] [main] (LoggerMgr.java:31)
     	Unparseable number: "-"

ERROR	[2026-03-23 14:37:26,334] [main] (LoggerMgr.java:31)
     	Unparseable number: "-"

ERROR	[2026-03-23 14:37:26,334] [main] (LoggerMgr.java:31)
     	Unparseable number: "-"

ERROR	[2026-03-23 14:37:26,334] [main] (LoggerMgr.java:31)
     	Unparseable number: "-"

ERROR	[2026-03-23 14:37:26,334] [main] (LoggerMgr.java:31)
     	Unparseable number: "-"

ERROR	[2026-03-23 14:37:26,334] [main] (LoggerMgr.java:31)
     	Unparseable number: "-"

ERROR	[2026-03-23 14:37:26,334] [main] (LoggerMgr.java:31)
     	Unparseable number: "-"

ERROR	[2026-03-23 14:37:26,335] [main] (LoggerMgr.java:31)
     	Unparseable number: "-"

ERROR	[2026-03-23 14:37:26,335] [main] (LoggerMgr.java:31)
     	Unparseable number: "-"

ERROR	[2026-03-23 14:37:26,335] [main] (LoggerMgr.java:31)
     	Unparseable number: "-"

ERROR	[2026-03-23 14:37:26,336] [main] (LoggerMgr.java:31)
     	Unparseable number: "-"

ERROR	[2026-03-23 14:38:27,246] [main] (LoggerMgr.java:31)
     	For input string: "-"

ERROR	[2026-03-23 14:38:27,246] [main] (LoggerMgr.java:31)
     	Cannot invoke "java.util.List.iterator()" because "values" is null

ERROR	[2026-03-23 14:42:55,966] [main] (LoggerMgr.java:31)
     	Unparseable number: "-"

ERROR	[2026-03-23 14:42:55,967] [main] (LoggerMgr.java:31)
     	Unparseable number: "-"

ERROR	[2026-03-23 14:42:55,967] [main] (LoggerMgr.java:31)
     	Unparseable number: "-"

ERROR	[2026-03-23 14:42:55,967] [main] (LoggerMgr.java:31)
     	Unparseable number: "-"

ERROR	[2026-03-23 14:42:55,967] [main] (LoggerMgr.java:31)
     	Unparseable number: "-"

ERROR	[2026-03-23 14:42:55,968] [main] (LoggerMgr.java:31)
     	Unparseable number: "-"

ERROR	[2026-03-23 14:42:55,968] [main] (LoggerMgr.java:31)
     	Unparseable number: "-"

ERROR	[2026-03-23 14:42:55,968] [main] (LoggerMgr.java:31)
     	Unparseable number: "-"

ERROR	[2026-03-23 14:42:55,968] [main] (LoggerMgr.java:31)
     	Unparseable number: "-"

ERROR	[2026-03-23 14:42:55,968] [main] (LoggerMgr.java:31)
     	Unparseable number: "-"

ERROR	[2026-03-23 14:42:55,968] [main] (LoggerMgr.java:31)
     	Unparseable number: "-"

ERROR	[2026-03-23 14:42:55,968] [main] (LoggerMgr.java:31)
     	Unparseable number: "-"

ERROR	[2026-03-23 14:42:55,968] [main] (LoggerMgr.java:31)
     	Unparseable number: "-"

ERROR	[2026-03-23 14:42:55,968] [main] (LoggerMgr.java:31)
     	Unparseable number: "-"

ERROR	[2026-03-23 14:42:55,969] [main] (LoggerMgr.java:31)
     	Unparseable number: "-"

ERROR	[2026-03-23 14:42:55,969] [main] (LoggerMgr.java:31)
     	Unparseable number: "-"

ERROR	[2026-03-23 14:42:55,970] [main] (LoggerMgr.java:31)
     	Unparseable number: "-"

ERROR	[2026-03-23 14:42:56,695] [main] (LoggerMgr.java:31)
     	For input string: "-"

ERROR	[2026-03-23 14:42:56,695] [main] (LoggerMgr.java:31)
     	Cannot invoke "java.util.List.iterator()" because "values" is null

ERROR	[2026-03-23 14:42:56,695] [main] (LoggerMgr.java:31)
     	Error reading file: ycurve_link.csv [Cannot invoke "java.lang.Comparable.compareTo(Object)" because "k1" is null]

ERROR	[2026-03-23 14:42:56,697] [main] (LoggerMgr.java:31)
     	Cannot invoke "org.softcaster.market_data_service.model.YieldCurve.getRate(org.softcaster.commons.types.Date)" because the return value of "java.util.concurrent.ConcurrentHashMap.get(Object)" is null

ERROR	[2026-03-23 14:45:30,122] [main] (LoggerMgr.java:31)
     	Unparseable number: "-"

ERROR	[2026-03-23 14:45:30,123] [main] (LoggerMgr.java:31)
     	Unparseable number: "-"

ERROR	[2026-03-23 14:45:30,123] [main] (LoggerMgr.java:31)
     	Unparseable number: "-"

ERROR	[2026-03-23 14:45:30,123] [main] (LoggerMgr.java:31)
     	Unparseable number: "-"

ERROR	[2026-03-23 14:45:30,123] [main] (LoggerMgr.java:31)
     	Unparseable number: "-"

ERROR	[2026-03-23 14:45:30,124] [main] (LoggerMgr.java:31)
     	Unparseable number: "-"

ERROR	[2026-03-23 14:45:30,124] [main] (LoggerMgr.java:31)
     	Unparseable number: "-"

ERROR	[2026-03-23 14:45:30,124] [main] (LoggerMgr.java:31)
     	Unparseable number: "-"

ERROR	[2026-03-23 14:45:30,124] [main] (LoggerMgr.java:31)
     	Unparseable number: "-"

ERROR	[2026-03-23 14:45:30,124] [main] (LoggerMgr.java:31)
     	Unparseable number: "-"

ERROR	[2026-03-23 14:45:30,124] [main] (LoggerMgr.java:31)
     	Unparseable number: "-"

ERROR	[2026-03-23 14:45:30,124] [main] (LoggerMgr.java:31)
     	Unparseable number: "-"

ERROR	[2026-03-23 14:45:30,124] [main] (LoggerMgr.java:31)
     	Unparseable number: "-"

ERROR	[2026-03-23 14:45:30,124] [main] (LoggerMgr.java:31)
     	Unparseable number: "-"

ERROR	[2026-03-23 14:45:30,124] [main] (LoggerMgr.java:31)
     	Unparseable number: "-"

ERROR	[2026-03-23 14:45:30,124] [main] (LoggerMgr.java:31)
     	Unparseable number: "-"

ERROR	[2026-03-23 14:45:30,125] [main] (LoggerMgr.java:31)
     	Unparseable number: "-"

ERROR	[2026-03-23 14:45:30,798] [main] (LoggerMgr.java:31)
     	For input string: "-"

ERROR	[2026-03-23 14:45:30,798] [main] (LoggerMgr.java:31)
     	Cannot invoke "java.util.List.iterator()" because "values" is null

ERROR	[2026-03-23 14:45:30,798] [main] (LoggerMgr.java:31)
     	Error reading file: ycurve_link.csv [Cannot invoke "java.lang.Comparable.compareTo(Object)" because "k1" is null]

ERROR	[2026-03-23 14:45:30,800] [main] (LoggerMgr.java:31)
     	Cannot invoke "org.softcaster.market_data_service.model.YieldCurve.getRate(org.softcaster.commons.types.Date)" because the return value of "java.util.concurrent.ConcurrentHashMap.get(Object)" is null

ERROR	[2026-03-23 14:46:35,114] [main] (LoggerMgr.java:31)
     	Unparseable number: "-"

ERROR	[2026-03-23 14:46:35,114] [main] (LoggerMgr.java:31)
     	Unparseable number: "-"

ERROR	[2026-03-23 14:46:35,120] [main] (LoggerMgr.java:31)
     	Unparseable number: "-"

ERROR	[2026-03-23 14:46:35,120] [main] (LoggerMgr.java:31)
     	Unparseable number: "-"

ERROR	[2026-03-23 14:46:35,120] [main] (LoggerMgr.java:31)
     	Unparseable number: "-"

ERROR	[2026-03-23 14:46:35,120] [main] (LoggerMgr.java:31)
     	Unparseable number: "-"

ERROR	[2026-03-23 14:46:35,120] [main] (LoggerMgr.java:31)
     	Unparseable number: "-"

ERROR	[2026-03-23 14:46:35,120] [main] (LoggerMgr.java:31)
     	Unparseable number: "-"

ERROR	[2026-03-23 14:46:35,120] [main] (LoggerMgr.java:31)
     	Unparseable number: "-"

ERROR	[2026-03-23 14:46:35,120] [main] (LoggerMgr.java:31)
     	Unparseable number: "-"

ERROR	[2026-03-23 14:46:35,120] [main] (LoggerMgr.java:31)
     	Unparseable number: "-"

ERROR	[2026-03-23 14:46:35,120] [main] (LoggerMgr.java:31)
     	Unparseable number: "-"

ERROR	[2026-03-23 14:46:35,120] [main] (LoggerMgr.java:31)
     	Unparseable number: "-"

ERROR	[2026-03-23 14:46:35,120] [main] (LoggerMgr.java:31)
     	Unparseable number: "-"

ERROR	[2026-03-23 14:46:35,120] [main] (LoggerMgr.java:31)
     	Unparseable number: "-"

ERROR	[2026-03-23 14:46:35,120] [main] (LoggerMgr.java:31)
     	Unparseable number: "-"

ERROR	[2026-03-23 14:46:35,122] [main] (LoggerMgr.java:31)
     	Unparseable number: "-"

ERROR	[2026-03-23 14:46:35,917] [main] (LoggerMgr.java:31)
     	For input string: "-"

ERROR	[2026-03-23 14:46:35,917] [main] (LoggerMgr.java:31)
     	Cannot invoke "java.util.List.iterator()" because "values" is null

ERROR	[2026-03-23 14:46:35,917] [main] (LoggerMgr.java:31)
     	Error reading file: ycurve_link.csv [Cannot invoke "java.lang.Comparable.compareTo(Object)" because "k1" is null]

ERROR	[2026-03-23 14:47:36,102] [main] (LoggerMgr.java:31)
     	Unparseable number: "-"

ERROR	[2026-03-23 14:47:36,104] [main] (LoggerMgr.java:31)
     	Unparseable number: "-"

ERROR	[2026-03-23 14:47:36,104] [main] (LoggerMgr.java:31)
     	Unparseable number: "-"

ERROR	[2026-03-23 14:47:36,104] [main] (LoggerMgr.java:31)
     	Unparseable number: "-"

ERROR	[2026-03-23 14:47:36,104] [main] (LoggerMgr.java:31)
     	Unparseable number: "-"

ERROR	[2026-03-23 14:47:36,104] [main] (LoggerMgr.java:31)
     	Unparseable number: "-"

ERROR	[2026-03-23 14:47:36,104] [main] (LoggerMgr.java:31)
     	Unparseable number: "-"

ERROR	[2026-03-23 14:47:36,104] [main] (LoggerMgr.java:31)
     	Unparseable number: "-"

ERROR	[2026-03-23 14:47:36,104] [main] (LoggerMgr.java:31)
     	Unparseable number: "-"

ERROR	[2026-03-23 14:47:36,105] [main] (LoggerMgr.java:31)
     	Unparseable number: "-"

ERROR	[2026-03-23 14:47:36,105] [main] (LoggerMgr.java:31)
     	Unparseable number: "-"

ERROR	[2026-03-23 14:47:36,105] [main] (LoggerMgr.java:31)
     	Unparseable number: "-"

ERROR	[2026-03-23 14:47:36,105] [main] (LoggerMgr.java:31)
     	Unparseable number: "-"

ERROR	[2026-03-23 14:47:36,105] [main] (LoggerMgr.java:31)
     	Unparseable number: "-"

ERROR	[2026-03-23 14:47:36,105] [main] (LoggerMgr.java:31)
     	Unparseable number: "-"

ERROR	[2026-03-23 14:47:36,105] [main] (LoggerMgr.java:31)
     	Unparseable number: "-"

ERROR	[2026-03-23 14:47:36,106] [main] (LoggerMgr.java:31)
     	Unparseable number: "-"

ERROR	[2026-03-23 14:47:36,697] [main] (LoggerMgr.java:31)
     	For input string: "-"

ERROR	[2026-03-23 14:47:36,697] [main] (LoggerMgr.java:31)
     	Cannot invoke "java.util.List.iterator()" because "values" is null

ERROR	[2026-03-23 14:47:36,697] [main] (LoggerMgr.java:31)
     	Error reading file: ycurve_link.csv [Cannot invoke "java.lang.Comparable.compareTo(Object)" because "k1" is null]

ERROR	[2026-03-23 14:48:18,722] [main] (LoggerMgr.java:31)
     	Cannot invoke "org.softcaster.market_data_service.model.YieldCurve.getRate(org.softcaster.commons.types.Date)" because the return value of "java.util.concurrent.ConcurrentHashMap.get(Object)" is null

ERROR	[2026-03-23 14:48:21,346] [main] (LoggerMgr.java:31)
     	Cannot invoke "org.softcaster.market_data_service.model.YieldCurve.getRate(org.softcaster.commons.types.Date)" because the return value of "java.util.concurrent.ConcurrentHashMap.get(Object)" is null

ERROR	[2026-03-23 14:50:09,737] [main] (LoggerMgr.java:31)
     	Unparseable number: "-"

ERROR	[2026-03-23 14:50:09,738] [main] (LoggerMgr.java:31)
     	Unparseable number: "-"

ERROR	[2026-03-23 14:50:09,739] [main] (LoggerMgr.java:31)
     	Unparseable number: "-"

ERROR	[2026-03-23 14:50:09,739] [main] (LoggerMgr.java:31)
     	Unparseable number: "-"

ERROR	[2026-03-23 14:50:09,739] [main] (LoggerMgr.java:31)
     	Unparseable number: "-"

ERROR	[2026-03-23 14:50:09,739] [main] (LoggerMgr.java:31)
     	Unparseable number: "-"

ERROR	[2026-03-23 14:50:09,739] [main] (LoggerMgr.java:31)
     	Unparseable number: "-"

ERROR	[2026-03-23 14:50:09,739] [main] (LoggerMgr.java:31)
     	Unparseable number: "-"

ERROR	[2026-03-23 14:50:09,739] [main] (LoggerMgr.java:31)
     	Unparseable number: "-"

ERROR	[2026-03-23 14:50:09,739] [main] (LoggerMgr.java:31)
     	Unparseable number: "-"

ERROR	[2026-03-23 14:50:09,739] [main] (LoggerMgr.java:31)
     	Unparseable number: "-"

ERROR	[2026-03-23 14:50:09,739] [main] (LoggerMgr.java:31)
     	Unparseable number: "-"

ERROR	[2026-03-23 14:50:09,739] [main] (LoggerMgr.java:31)
     	Unparseable number: "-"

ERROR	[2026-03-23 14:50:09,740] [main] (LoggerMgr.java:31)
     	Unparseable number: "-"

ERROR	[2026-03-23 14:50:09,740] [main] (LoggerMgr.java:31)
     	Unparseable number: "-"

ERROR	[2026-03-23 14:50:09,740] [main] (LoggerMgr.java:31)
     	Unparseable number: "-"

ERROR	[2026-03-23 14:50:09,741] [main] (LoggerMgr.java:31)
     	Unparseable number: "-"

ERROR	[2026-03-23 14:52:35,962] [main] (LoggerMgr.java:31)
     	Unparseable number: "-"

ERROR	[2026-03-23 14:52:35,963] [main] (LoggerMgr.java:31)
     	Unparseable number: "-"

ERROR	[2026-03-23 14:52:35,964] [main] (LoggerMgr.java:31)
     	Unparseable number: "-"

ERROR	[2026-03-23 14:52:35,964] [main] (LoggerMgr.java:31)
     	Unparseable number: "-"

ERROR	[2026-03-23 14:52:35,964] [main] (LoggerMgr.java:31)
     	Unparseable number: "-"

ERROR	[2026-03-23 14:52:35,964] [main] (LoggerMgr.java:31)
     	Unparseable number: "-"

ERROR	[2026-03-23 14:52:35,964] [main] (LoggerMgr.java:31)
     	Unparseable number: "-"

ERROR	[2026-03-23 14:52:35,964] [main] (LoggerMgr.java:31)
     	Unparseable number: "-"

ERROR	[2026-03-23 14:52:35,964] [main] (LoggerMgr.java:31)
     	Unparseable number: "-"

ERROR	[2026-03-23 14:52:35,964] [main] (LoggerMgr.java:31)
     	Unparseable number: "-"

ERROR	[2026-03-23 14:52:35,964] [main] (LoggerMgr.java:31)
     	Unparseable number: "-"

ERROR	[2026-03-23 14:52:35,964] [main] (LoggerMgr.java:31)
     	Unparseable number: "-"

ERROR	[2026-03-23 14:52:35,964] [main] (LoggerMgr.java:31)
     	Unparseable number: "-"

ERROR	[2026-03-23 14:52:35,965] [main] (LoggerMgr.java:31)
     	Unparseable number: "-"

ERROR	[2026-03-23 14:52:35,965] [main] (LoggerMgr.java:31)
     	Unparseable number: "-"

ERROR	[2026-03-23 14:52:35,965] [main] (LoggerMgr.java:31)
     	Unparseable number: "-"

ERROR	[2026-03-23 14:52:35,966] [main] (LoggerMgr.java:31)
     	Unparseable number: "-"

ERROR	[2026-03-23 14:52:46,228] [main] (LoggerMgr.java:31)
     	For input string: "-"

ERROR	[2026-03-23 14:52:56,170] [main] (LoggerMgr.java:31)
     	Cannot invoke "java.util.List.iterator()" because "values" is null

ERROR	[2026-03-23 14:53:28,073] [main] (LoggerMgr.java:31)
     	Error reading file: ycurve_link.csv [Cannot invoke "java.lang.Comparable.compareTo(Object)" because "k1" is null]

ERROR	[2026-03-23 14:53:47,699] [main] (LoggerMgr.java:31)
     	Cannot invoke "org.softcaster.market_data_service.model.YieldCurve.getRate(org.softcaster.commons.types.Date)" because the return value of "java.util.concurrent.ConcurrentHashMap.get(Object)" is null

ERROR	[2026-03-23 14:54:10,259] [main] (LoggerMgr.java:31)
     	Unparseable number: "-"

ERROR	[2026-03-23 14:54:10,260] [main] (LoggerMgr.java:31)
     	Unparseable number: "-"

ERROR	[2026-03-23 14:54:10,260] [main] (LoggerMgr.java:31)
     	Unparseable number: "-"

ERROR	[2026-03-23 14:54:10,261] [main] (LoggerMgr.java:31)
     	Unparseable number: "-"

ERROR	[2026-03-23 14:54:10,261] [main] (LoggerMgr.java:31)
     	Unparseable number: "-"

ERROR	[2026-03-23 14:54:10,261] [main] (LoggerMgr.java:31)
     	Unparseable number: "-"

ERROR	[2026-03-23 14:54:10,261] [main] (LoggerMgr.java:31)
     	Unparseable number: "-"

ERROR	[2026-03-23 14:54:10,261] [main] (LoggerMgr.java:31)
     	Unparseable number: "-"

ERROR	[2026-03-23 14:54:10,261] [main] (LoggerMgr.java:31)
     	Unparseable number: "-"

ERROR	[2026-03-23 14:54:10,261] [main] (LoggerMgr.java:31)
     	Unparseable number: "-"

ERROR	[2026-03-23 14:54:10,261] [main] (LoggerMgr.java:31)
     	Unparseable number: "-"

ERROR	[2026-03-23 14:54:10,261] [main] (LoggerMgr.java:31)
     	Unparseable number: "-"

ERROR	[2026-03-23 14:54:10,261] [main] (LoggerMgr.java:31)
     	Unparseable number: "-"

ERROR	[2026-03-23 14:54:10,261] [main] (LoggerMgr.java:31)
     	Unparseable number: "-"

ERROR	[2026-03-23 14:54:10,262] [main] (LoggerMgr.java:31)
     	Unparseable number: "-"

ERROR	[2026-03-23 14:54:10,262] [main] (LoggerMgr.java:31)
     	Unparseable number: "-"

ERROR	[2026-03-23 14:54:10,262] [main] (LoggerMgr.java:31)
     	Unparseable number: "-"

ERROR	[2026-03-23 14:55:10,915] [main] (LoggerMgr.java:31)
     	For input string: "-"

ERROR	[2026-03-23 14:55:10,915] [main] (LoggerMgr.java:31)
     	Cannot invoke "java.util.List.iterator()" because "values" is null

ERROR	[2026-03-23 14:55:10,916] [main] (LoggerMgr.java:31)
     	Error reading file: ycurve_link.csv [Cannot invoke "java.lang.Comparable.compareTo(Object)" because "k1" is null]

ERROR	[2026-03-23 14:55:10,916] [main] (LoggerMgr.java:31)
     	Cannot invoke "org.softcaster.market_data_service.model.YieldCurve.getRate(org.softcaster.commons.types.Date)" because the return value of "java.util.concurrent.ConcurrentHashMap.get(Object)" is null

 INFO	[2026-03-24 11:25:30,975] [AWT-EventQueue-0] (LoggerMgr.java:36)
     	Bye bye!

 INFO	[2026-03-24 11:32:03,937] [AWT-EventQueue-0] (LoggerMgr.java:36)
     	Bye bye!

 INFO	[2026-03-24 12:25:32,952] [AWT-EventQueue-0] (LoggerMgr.java:36)
     	Bye bye!

ERROR	[2026-03-24 14:59:27,487] [main] (LoggerMgr.java:31)
     	Unparseable number: "-"

ERROR	[2026-03-24 14:59:27,488] [main] (LoggerMgr.java:31)
     	Unparseable number: "-"

ERROR	[2026-03-24 14:59:27,488] [main] (LoggerMgr.java:31)
     	Unparseable number: "-"

ERROR	[2026-03-24 14:59:27,488] [main] (LoggerMgr.java:31)
     	Unparseable number: "-"

ERROR	[2026-03-24 14:59:27,488] [main] (LoggerMgr.java:31)
     	Unparseable number: "-"

ERROR	[2026-03-24 14:59:27,488] [main] (LoggerMgr.java:31)
     	Unparseable number: "-"

ERROR	[2026-03-24 14:59:27,488] [main] (LoggerMgr.java:31)
     	Unparseable number: "-"

ERROR	[2026-03-24 14:59:27,489] [main] (LoggerMgr.java:31)
     	Unparseable number: "-"

ERROR	[2026-03-24 14:59:27,489] [main] (LoggerMgr.java:31)
     	Unparseable number: "-"

ERROR	[2026-03-24 14:59:27,489] [main] (LoggerMgr.java:31)
     	Unparseable number: "-"

ERROR	[2026-03-24 14:59:27,489] [main] (LoggerMgr.java:31)
     	Unparseable number: "-"

ERROR	[2026-03-24 14:59:27,489] [main] (LoggerMgr.java:31)
     	Unparseable number: "-"

ERROR	[2026-03-24 14:59:27,489] [main] (LoggerMgr.java:31)
     	Unparseable number: "-"

ERROR	[2026-03-24 14:59:27,489] [main] (LoggerMgr.java:31)
     	Unparseable number: "-"

ERROR	[2026-03-24 14:59:27,489] [main] (LoggerMgr.java:31)
     	Unparseable number: "-"

ERROR	[2026-03-24 14:59:27,489] [main] (LoggerMgr.java:31)
     	Unparseable number: "-"

ERROR	[2026-03-24 14:59:27,490] [main] (LoggerMgr.java:31)
     	Unparseable number: "-"

ERROR	[2026-03-24 15:25:41,063] [main] (LoggerMgr.java:31)
     	Unparseable number: "-"

ERROR	[2026-03-24 15:25:41,064] [main] (LoggerMgr.java:31)
     	Unparseable number: "-"

ERROR	[2026-03-24 15:25:41,065] [main] (LoggerMgr.java:31)
     	Unparseable number: "-"

ERROR	[2026-03-24 15:25:41,065] [main] (LoggerMgr.java:31)
     	Unparseable number: "-"

ERROR	[2026-03-24 15:25:41,065] [main] (LoggerMgr.java:31)
     	Unparseable number: "-"

ERROR	[2026-03-24 15:25:41,065] [main] (LoggerMgr.java:31)
     	Unparseable number: "-"

ERROR	[2026-03-24 15:25:41,065] [main] (LoggerMgr.java:31)
     	Unparseable number: "-"

ERROR	[2026-03-24 15:25:41,065] [main] (LoggerMgr.java:31)
     	Unparseable number: "-"

ERROR	[2026-03-24 15:25:41,065] [main] (LoggerMgr.java:31)
     	Unparseable number: "-"

ERROR	[2026-03-24 15:25:41,065] [main] (LoggerMgr.java:31)
     	Unparseable number: "-"

ERROR	[2026-03-24 15:25:41,065] [main] (LoggerMgr.java:31)
     	Unparseable number: "-"

ERROR	[2026-03-24 15:25:41,065] [main] (LoggerMgr.java:31)
     	Unparseable number: "-"

ERROR	[2026-03-24 15:25:41,066] [main] (LoggerMgr.java:31)
     	Unparseable number: "-"

ERROR	[2026-03-24 15:25:41,066] [main] (LoggerMgr.java:31)
     	Unparseable number: "-"

ERROR	[2026-03-24 15:25:41,066] [main] (LoggerMgr.java:31)
     	Unparseable number: "-"

ERROR	[2026-03-24 15:25:41,066] [main] (LoggerMgr.java:31)
     	Unparseable number: "-"

ERROR	[2026-03-24 15:25:41,066] [main] (LoggerMgr.java:31)
     	Unparseable number: "-"

ERROR	[2026-03-24 15:43:07,287] [main] (LoggerMgr.java:31)
     	Unparseable number: "-"

ERROR	[2026-03-24 15:43:07,288] [main] (LoggerMgr.java:31)
     	Unparseable number: "-"

ERROR	[2026-03-24 15:43:07,289] [main] (LoggerMgr.java:31)
     	Unparseable number: "-"

ERROR	[2026-03-24 15:43:07,289] [main] (LoggerMgr.java:31)
     	Unparseable number: "-"

ERROR	[2026-03-24 15:43:07,289] [main] (LoggerMgr.java:31)
     	Unparseable number: "-"

ERROR	[2026-03-24 15:43:07,289] [main] (LoggerMgr.java:31)
     	Unparseable number: "-"

ERROR	[2026-03-24 15:43:07,289] [main] (LoggerMgr.java:31)
     	Unparseable number: "-"

ERROR	[2026-03-24 15:43:07,289] [main] (LoggerMgr.java:31)
     	Unparseable number: "-"

ERROR	[2026-03-24 15:43:07,289] [main] (LoggerMgr.java:31)
     	Unparseable number: "-"

ERROR	[2026-03-24 15:43:07,289] [main] (LoggerMgr.java:31)
     	Unparseable number: "-"

ERROR	[2026-03-24 15:43:07,289] [main] (LoggerMgr.java:31)
     	Unparseable number: "-"

ERROR	[2026-03-24 15:43:07,289] [main] (LoggerMgr.java:31)
     	Unparseable number: "-"

ERROR	[2026-03-24 15:43:07,289] [main] (LoggerMgr.java:31)
     	Unparseable number: "-"

ERROR	[2026-03-24 15:43:07,289] [main] (LoggerMgr.java:31)
     	Unparseable number: "-"

ERROR	[2026-03-24 15:43:07,290] [main] (LoggerMgr.java:31)
     	Unparseable number: "-"

ERROR	[2026-03-24 15:43:07,290] [main] (LoggerMgr.java:31)
     	Unparseable number: "-"

ERROR	[2026-03-24 15:43:07,290] [main] (LoggerMgr.java:31)
     	Unparseable number: "-"

ERROR	[2026-03-24 16:24:50,086] [main] (LoggerMgr.java:31)
     	Unparseable number: "-"

ERROR	[2026-03-24 16:24:50,086] [main] (LoggerMgr.java:31)
     	Unparseable number: "-"

ERROR	[2026-03-24 16:24:50,086] [main] (LoggerMgr.java:31)
     	Unparseable number: "-"

ERROR	[2026-03-24 16:24:50,086] [main] (LoggerMgr.java:31)
     	Unparseable number: "-"

ERROR	[2026-03-24 16:24:50,086] [main] (LoggerMgr.java:31)
     	Unparseable number: "-"

ERROR	[2026-03-24 16:24:50,086] [main] (LoggerMgr.java:31)
     	Unparseable number: "-"

ERROR	[2026-03-24 16:24:50,086] [main] (LoggerMgr.java:31)
     	Unparseable number: "-"

ERROR	[2026-03-24 16:24:50,086] [main] (LoggerMgr.java:31)
     	Unparseable number: "-"

ERROR	[2026-03-24 16:24:50,086] [main] (LoggerMgr.java:31)
     	Unparseable number: "-"

ERROR	[2026-03-24 16:24:50,086] [main] (LoggerMgr.java:31)
     	Unparseable number: "-"

ERROR	[2026-03-24 16:24:50,086] [main] (LoggerMgr.java:31)
     	Unparseable number: "-"

ERROR	[2026-03-24 16:24:50,086] [main] (LoggerMgr.java:31)
     	Unparseable number: "-"

ERROR	[2026-03-24 16:24:50,086] [main] (LoggerMgr.java:31)
     	Unparseable number: "-"

ERROR	[2026-03-24 16:24:50,086] [main] (LoggerMgr.java:31)
     	Unparseable number: "-"

ERROR	[2026-03-24 16:24:50,086] [main] (LoggerMgr.java:31)
     	Unparseable number: "-"

ERROR	[2026-03-24 16:24:50,086] [main] (LoggerMgr.java:31)
     	Unparseable number: "-"

ERROR	[2026-03-24 16:24:50,086] [main] (LoggerMgr.java:31)
     	Unparseable number: "-"

ERROR	[2026-03-24 16:50:37,393] [main] (LoggerMgr.java:31)
     	Unparseable number: "-"

ERROR	[2026-03-24 16:50:37,394] [main] (LoggerMgr.java:31)
     	Unparseable number: "-"

ERROR	[2026-03-24 16:50:37,394] [main] (LoggerMgr.java:31)
     	Unparseable number: "-"

ERROR	[2026-03-24 16:50:37,394] [main] (LoggerMgr.java:31)
     	Unparseable number: "-"

ERROR	[2026-03-24 16:50:37,394] [main] (LoggerMgr.java:31)
     	Unparseable number: "-"

ERROR	[2026-03-24 16:50:37,394] [main] (LoggerMgr.java:31)
     	Unparseable number: "-"

ERROR	[2026-03-24 16:50:37,395] [main] (LoggerMgr.java:31)
     	Unparseable number: "-"

ERROR	[2026-03-24 16:50:37,395] [main] (LoggerMgr.java:31)
     	Unparseable number: "-"

ERROR	[2026-03-24 16:50:37,395] [main] (LoggerMgr.java:31)
     	Unparseable number: "-"

ERROR	[2026-03-24 16:50:37,395] [main] (LoggerMgr.java:31)
     	Unparseable number: "-"

ERROR	[2026-03-24 16:50:37,395] [main] (LoggerMgr.java:31)
     	Unparseable number: "-"

ERROR	[2026-03-24 16:50:37,395] [main] (LoggerMgr.java:31)
     	Unparseable number: "-"

ERROR	[2026-03-24 16:50:37,395] [main] (LoggerMgr.java:31)
     	Unparseable number: "-"

ERROR	[2026-03-24 16:50:37,395] [main] (LoggerMgr.java:31)
     	Unparseable number: "-"

ERROR	[2026-03-24 16:50:37,395] [main] (LoggerMgr.java:31)
     	Unparseable number: "-"

ERROR	[2026-03-24 16:50:37,396] [main] (LoggerMgr.java:31)
     	Unparseable number: "-"

ERROR	[2026-03-24 16:50:37,396] [main] (LoggerMgr.java:31)
     	Unparseable number: "-"

ERROR	[2026-03-25 12:29:46,348] [AWT-EventQueue-0] (LoggerMgr.java:31)
     	Error reading file: ticker_link.csv [begin 0, end 3, length 0]

ERROR	[2026-03-25 12:30:38,625] [AWT-EventQueue-0] (LoggerMgr.java:31)
     	Error reading file: ticker_link.csv [begin 0, end 3, length 0]

 INFO	[2026-03-26 10:26:04,103] [AWT-EventQueue-0] (LoggerMgr.java:36)
     	Bye bye!

 INFO	[2026-03-26 10:45:31,403] [AWT-EventQueue-0] (LoggerMgr.java:36)
     	Bye bye!

 INFO	[2026-03-26 12:03:01,437] [AWT-EventQueue-0] (LoggerMgr.java:36)
     	Bye bye!

 INFO	[2026-03-26 16:47:48,788] [AWT-EventQueue-0] (LoggerMgr.java:36)
     	Bye bye!

 INFO	[2026-03-26 20:19:59,086] [AWT-EventQueue-0] (LoggerMgr.java:36)
     	Bye bye!

 INFO	[2026-03-26 22:55:30,463] [AWT-EventQueue-0] (LoggerMgr.java:36)
     	Bye bye!

 INFO	[2026-03-29 22:13:03,989] [AWT-EventQueue-0] (LoggerMgr.java:36)
     	Bye bye!

 INFO	[2026-03-30 21:10:13,911] [AWT-EventQueue-0] (LoggerMgr.java:36)
     	Bye bye!

 INFO	[2026-03-30 21:17:15,582] [AWT-EventQueue-0] (LoggerMgr.java:36)
     	Bye bye!

 INFO	[2026-03-30 21:26:55,273] [AWT-EventQueue-0] (LoggerMgr.java:36)
     	Bye bye!

ERROR	[2026-03-30 21:58:05,051] [main] (LoggerMgr.java:31)
     	Unparseable number: "-"

ERROR	[2026-03-30 21:58:05,054] [main] (LoggerMgr.java:31)
     	Unparseable number: "-"

ERROR	[2026-03-30 21:58:05,057] [main] (LoggerMgr.java:31)
     	Unparseable number: "-"

ERROR	[2026-03-30 21:58:05,057] [main] (LoggerMgr.java:31)
     	Unparseable number: "-"

ERROR	[2026-03-30 21:58:05,062] [main] (LoggerMgr.java:31)
     	Unparseable number: "-"

ERROR	[2026-03-30 21:58:05,063] [main] (LoggerMgr.java:31)
     	Unparseable number: "-"

ERROR	[2026-03-30 21:58:05,063] [main] (LoggerMgr.java:31)
     	Unparseable number: "-"

ERROR	[2026-03-30 21:58:05,063] [main] (LoggerMgr.java:31)
     	Unparseable number: "-"

ERROR	[2026-03-30 21:58:05,064] [main] (LoggerMgr.java:31)
     	Unparseable number: "-"

ERROR	[2026-03-30 21:58:05,064] [main] (LoggerMgr.java:31)
     	Unparseable number: "-"

ERROR	[2026-03-30 21:58:05,065] [main] (LoggerMgr.java:31)
     	Unparseable number: "-"

ERROR	[2026-03-30 21:58:05,065] [main] (LoggerMgr.java:31)
     	Unparseable number: "-"

ERROR	[2026-03-30 21:58:05,066] [main] (LoggerMgr.java:31)
     	Unparseable number: "-"

ERROR	[2026-03-30 21:58:05,066] [main] (LoggerMgr.java:31)
     	Unparseable number: "-"

ERROR	[2026-03-30 21:58:05,066] [main] (LoggerMgr.java:31)
     	Unparseable number: "-"

ERROR	[2026-03-30 21:58:05,067] [main] (LoggerMgr.java:31)
     	Unparseable number: "-"

ERROR	[2026-03-30 21:58:05,073] [main] (LoggerMgr.java:31)
     	Unparseable number: "-"

ERROR	[2026-03-30 21:58:05,073] [main] (LoggerMgr.java:31)
     	Unparseable number: "-"

ERROR	[2026-03-30 21:58:21,403] [main] (LoggerMgr.java:31)
     	Error reading file: ticker_link.csv [Cannot invoke "java.util.List.iterator()" because "rates" is null]

ERROR	[2026-03-30 21:58:21,405] [main] (LoggerMgr.java:31)
     	Ticker EURCHF not found

ERROR	[2026-03-30 22:09:41,756] [main] (LoggerMgr.java:31)
     	Unparseable number: "-"

ERROR	[2026-03-30 22:09:54,457] [main] (LoggerMgr.java:31)
     	Unparseable number: "-"

ERROR	[2026-03-30 22:10:02,306] [main] (LoggerMgr.java:31)
     	Unparseable number: "-"

ERROR	[2026-03-30 22:10:04,507] [main] (LoggerMgr.java:31)
     	Unparseable number: "-"

ERROR	[2026-03-30 22:10:46,340] [main] (LoggerMgr.java:31)
     	Unparseable number: "-"

ERROR	[2026-03-30 22:10:46,341] [main] (LoggerMgr.java:31)
     	Unparseable number: "-"

ERROR	[2026-03-30 22:10:46,342] [main] (LoggerMgr.java:31)
     	Unparseable number: "-"

ERROR	[2026-03-30 22:10:46,343] [main] (LoggerMgr.java:31)
     	Unparseable number: "-"

ERROR	[2026-03-30 22:10:46,343] [main] (LoggerMgr.java:31)
     	Unparseable number: "-"

ERROR	[2026-03-30 22:10:46,344] [main] (LoggerMgr.java:31)
     	Unparseable number: "-"

ERROR	[2026-03-30 22:10:46,344] [main] (LoggerMgr.java:31)
     	Unparseable number: "-"

ERROR	[2026-03-30 22:10:46,345] [main] (LoggerMgr.java:31)
     	Unparseable number: "-"

ERROR	[2026-03-30 22:10:46,345] [main] (LoggerMgr.java:31)
     	Unparseable number: "-"

ERROR	[2026-03-30 22:10:46,346] [main] (LoggerMgr.java:31)
     	Unparseable number: "-"

ERROR	[2026-03-30 22:10:46,346] [main] (LoggerMgr.java:31)
     	Unparseable number: "-"

ERROR	[2026-03-30 22:10:46,347] [main] (LoggerMgr.java:31)
     	Unparseable number: "-"

ERROR	[2026-03-30 22:10:51,589] [main] (LoggerMgr.java:31)
     	Cannot invoke "org.softcaster.market_data_service.model.YieldCurve.getRate(org.softcaster.commons.types.Date)" because the return value of "java.util.concurrent.ConcurrentHashMap.get(Object)" is null

ERROR	[2026-03-30 22:11:54,547] [main] (LoggerMgr.java:31)
     	Unparseable number: "-"

ERROR	[2026-03-30 22:11:54,549] [main] (LoggerMgr.java:31)
     	Unparseable number: "-"

ERROR	[2026-03-30 22:11:54,550] [main] (LoggerMgr.java:31)
     	Unparseable number: "-"

ERROR	[2026-03-30 22:11:54,551] [main] (LoggerMgr.java:31)
     	Unparseable number: "-"

ERROR	[2026-03-30 22:11:54,551] [main] (LoggerMgr.java:31)
     	Unparseable number: "-"

ERROR	[2026-03-30 22:11:54,551] [main] (LoggerMgr.java:31)
     	Unparseable number: "-"

ERROR	[2026-03-30 22:11:54,551] [main] (LoggerMgr.java:31)
     	Unparseable number: "-"

ERROR	[2026-03-30 22:11:54,551] [main] (LoggerMgr.java:31)
     	Unparseable number: "-"

ERROR	[2026-03-30 22:11:54,552] [main] (LoggerMgr.java:31)
     	Unparseable number: "-"

ERROR	[2026-03-30 22:11:54,552] [main] (LoggerMgr.java:31)
     	Unparseable number: "-"

ERROR	[2026-03-30 22:11:54,552] [main] (LoggerMgr.java:31)
     	Unparseable number: "-"

ERROR	[2026-03-30 22:11:54,552] [main] (LoggerMgr.java:31)
     	Unparseable number: "-"

ERROR	[2026-03-30 22:11:54,552] [main] (LoggerMgr.java:31)
     	Unparseable number: "-"

ERROR	[2026-03-30 22:11:54,552] [main] (LoggerMgr.java:31)
     	Unparseable number: "-"

ERROR	[2026-03-30 22:11:54,552] [main] (LoggerMgr.java:31)
     	Unparseable number: "-"

ERROR	[2026-03-30 22:11:54,552] [main] (LoggerMgr.java:31)
     	Unparseable number: "-"

ERROR	[2026-03-30 22:13:07,714] [main] (LoggerMgr.java:31)
     	Unparseable number: "-"

ERROR	[2026-03-30 22:13:07,716] [main] (LoggerMgr.java:31)
     	Unparseable number: "-"

ERROR	[2026-03-30 22:13:07,717] [main] (LoggerMgr.java:31)
     	Unparseable number: "-"

ERROR	[2026-03-30 22:13:07,717] [main] (LoggerMgr.java:31)
     	Unparseable number: "-"

ERROR	[2026-03-30 22:13:07,717] [main] (LoggerMgr.java:31)
     	Unparseable number: "-"

ERROR	[2026-03-30 22:13:07,717] [main] (LoggerMgr.java:31)
     	Unparseable number: "-"

ERROR	[2026-03-30 22:13:07,717] [main] (LoggerMgr.java:31)
     	Unparseable number: "-"

ERROR	[2026-03-30 22:13:07,717] [main] (LoggerMgr.java:31)
     	Unparseable number: "-"

ERROR	[2026-03-30 22:13:07,718] [main] (LoggerMgr.java:31)
     	Unparseable number: "-"

ERROR	[2026-03-30 22:13:07,718] [main] (LoggerMgr.java:31)
     	Unparseable number: "-"

ERROR	[2026-03-30 22:13:07,718] [main] (LoggerMgr.java:31)
     	Unparseable number: "-"

ERROR	[2026-03-30 22:13:07,718] [main] (LoggerMgr.java:31)
     	Unparseable number: "-"

ERROR	[2026-03-30 22:13:07,718] [main] (LoggerMgr.java:31)
     	Unparseable number: "-"

ERROR	[2026-03-30 22:13:07,718] [main] (LoggerMgr.java:31)
     	Unparseable number: "-"

ERROR	[2026-03-30 22:13:07,718] [main] (LoggerMgr.java:31)
     	Unparseable number: "-"

ERROR	[2026-03-30 22:13:07,718] [main] (LoggerMgr.java:31)
     	Unparseable number: "-"

ERROR	[2026-03-30 22:14:25,962] [main] (LoggerMgr.java:31)
     	Cannot invoke "org.softcaster.market_data_service.model.YieldCurve.getRate(org.softcaster.commons.types.Date)" because the return value of "java.util.concurrent.ConcurrentHashMap.get(Object)" is null

ERROR	[2026-03-30 22:15:59,017] [main] (LoggerMgr.java:31)
     	Unparseable number: "-"

ERROR	[2026-03-30 22:15:59,019] [main] (LoggerMgr.java:31)
     	Unparseable number: "-"

ERROR	[2026-03-30 22:15:59,019] [main] (LoggerMgr.java:31)
     	Unparseable number: "-"

ERROR	[2026-03-30 22:15:59,020] [main] (LoggerMgr.java:31)
     	Unparseable number: "-"

ERROR	[2026-03-30 22:15:59,020] [main] (LoggerMgr.java:31)
     	Unparseable number: "-"

ERROR	[2026-03-30 22:15:59,020] [main] (LoggerMgr.java:31)
     	Unparseable number: "-"

ERROR	[2026-03-30 22:15:59,020] [main] (LoggerMgr.java:31)
     	Unparseable number: "-"

ERROR	[2026-03-30 22:15:59,020] [main] (LoggerMgr.java:31)
     	Unparseable number: "-"

ERROR	[2026-03-30 22:15:59,020] [main] (LoggerMgr.java:31)
     	Unparseable number: "-"

ERROR	[2026-03-30 22:15:59,020] [main] (LoggerMgr.java:31)
     	Unparseable number: "-"

ERROR	[2026-03-30 22:15:59,020] [main] (LoggerMgr.java:31)
     	Unparseable number: "-"

ERROR	[2026-03-30 22:15:59,020] [main] (LoggerMgr.java:31)
     	Unparseable number: "-"

ERROR	[2026-03-30 22:15:59,020] [main] (LoggerMgr.java:31)
     	Unparseable number: "-"

ERROR	[2026-03-30 22:15:59,022] [main] (LoggerMgr.java:31)
     	Unparseable number: "-"

ERROR	[2026-03-30 22:15:59,022] [main] (LoggerMgr.java:31)
     	Unparseable number: "-"

ERROR	[2026-03-30 22:15:59,022] [main] (LoggerMgr.java:31)
     	Unparseable number: "-"

ERROR	[2026-03-30 22:16:00,528] [main] (LoggerMgr.java:31)
     	Cannot invoke "org.softcaster.market_data_service.model.YieldCurve.getRate(org.softcaster.commons.types.Date)" because the return value of "java.util.concurrent.ConcurrentHashMap.get(Object)" is null

ERROR	[2026-03-30 22:16:32,503] [main] (LoggerMgr.java:31)
     	Unparseable number: "-"

ERROR	[2026-03-30 22:16:32,505] [main] (LoggerMgr.java:31)
     	Unparseable number: "-"

ERROR	[2026-03-30 22:16:32,506] [main] (LoggerMgr.java:31)
     	Unparseable number: "-"

ERROR	[2026-03-30 22:16:32,506] [main] (LoggerMgr.java:31)
     	Unparseable number: "-"

ERROR	[2026-03-30 22:16:32,506] [main] (LoggerMgr.java:31)
     	Unparseable number: "-"

ERROR	[2026-03-30 22:16:32,506] [main] (LoggerMgr.java:31)
     	Unparseable number: "-"

ERROR	[2026-03-30 22:16:32,506] [main] (LoggerMgr.java:31)
     	Unparseable number: "-"

ERROR	[2026-03-30 22:16:32,506] [main] (LoggerMgr.java:31)
     	Unparseable number: "-"

ERROR	[2026-03-30 22:16:32,506] [main] (LoggerMgr.java:31)
     	Unparseable number: "-"

ERROR	[2026-03-30 22:16:32,506] [main] (LoggerMgr.java:31)
     	Unparseable number: "-"

ERROR	[2026-03-30 22:16:32,507] [main] (LoggerMgr.java:31)
     	Unparseable number: "-"

ERROR	[2026-03-30 22:16:32,507] [main] (LoggerMgr.java:31)
     	Unparseable number: "-"

ERROR	[2026-03-30 22:16:32,507] [main] (LoggerMgr.java:31)
     	Unparseable number: "-"

ERROR	[2026-03-30 22:16:32,507] [main] (LoggerMgr.java:31)
     	Unparseable number: "-"

ERROR	[2026-03-30 22:16:32,507] [main] (LoggerMgr.java:31)
     	Unparseable number: "-"

ERROR	[2026-03-30 22:16:32,507] [main] (LoggerMgr.java:31)
     	Unparseable number: "-"

ERROR	[2026-03-30 22:16:34,704] [main] (LoggerMgr.java:31)
     	Cannot invoke "org.softcaster.market_data_service.model.YieldCurve.getRate(org.softcaster.commons.types.Date)" because the return value of "java.util.concurrent.ConcurrentHashMap.get(Object)" is null

ERROR	[2026-03-30 22:41:15,675] [main] (LoggerMgr.java:31)
     	Unparseable number: "-"

ERROR	[2026-03-30 22:41:15,677] [main] (LoggerMgr.java:31)
     	Unparseable number: "-"

ERROR	[2026-03-30 22:41:15,678] [main] (LoggerMgr.java:31)
     	Unparseable number: "-"

ERROR	[2026-03-30 22:41:15,678] [main] (LoggerMgr.java:31)
     	Unparseable number: "-"

ERROR	[2026-03-30 22:41:15,678] [main] (LoggerMgr.java:31)
     	Unparseable number: "-"

ERROR	[2026-03-30 22:41:15,678] [main] (LoggerMgr.java:31)
     	Unparseable number: "-"

ERROR	[2026-03-30 22:41:15,678] [main] (LoggerMgr.java:31)
     	Unparseable number: "-"

ERROR	[2026-03-30 22:41:15,678] [main] (LoggerMgr.java:31)
     	Unparseable number: "-"

ERROR	[2026-03-30 22:41:15,678] [main] (LoggerMgr.java:31)
     	Unparseable number: "-"

ERROR	[2026-03-30 22:41:15,679] [main] (LoggerMgr.java:31)
     	Unparseable number: "-"

ERROR	[2026-03-30 22:41:15,679] [main] (LoggerMgr.java:31)
     	Unparseable number: "-"

ERROR	[2026-03-30 22:41:15,679] [main] (LoggerMgr.java:31)
     	Unparseable number: "-"

ERROR	[2026-03-30 22:41:15,679] [main] (LoggerMgr.java:31)
     	Unparseable number: "-"

ERROR	[2026-03-30 22:41:15,679] [main] (LoggerMgr.java:31)
     	Unparseable number: "-"

ERROR	[2026-03-30 22:41:15,679] [main] (LoggerMgr.java:31)
     	Unparseable number: "-"

ERROR	[2026-03-30 22:41:15,680] [main] (LoggerMgr.java:31)
     	Unparseable number: "-"

ERROR	[2026-03-30 22:41:18,898] [main] (LoggerMgr.java:31)
     	ImportError: No module named provider_helper

ERROR	[2026-03-30 22:41:18,900] [main] (LoggerMgr.java:31)
     	Cannot invoke "org.softcaster.market_data_service.model.YieldCurve.getRate(org.softcaster.commons.types.Date)" because the return value of "java.util.concurrent.ConcurrentHashMap.get(Object)" is null

ERROR	[2026-03-30 22:41:46,340] [main] (LoggerMgr.java:31)
     	Unparseable number: "-"

ERROR	[2026-03-30 22:41:46,342] [main] (LoggerMgr.java:31)
     	Unparseable number: "-"

ERROR	[2026-03-30 22:41:46,343] [main] (LoggerMgr.java:31)
     	Unparseable number: "-"

ERROR	[2026-03-30 22:41:46,343] [main] (LoggerMgr.java:31)
     	Unparseable number: "-"

ERROR	[2026-03-30 22:41:46,343] [main] (LoggerMgr.java:31)
     	Unparseable number: "-"

ERROR	[2026-03-30 22:41:46,343] [main] (LoggerMgr.java:31)
     	Unparseable number: "-"

ERROR	[2026-03-30 22:41:46,344] [main] (LoggerMgr.java:31)
     	Unparseable number: "-"

ERROR	[2026-03-30 22:41:46,344] [main] (LoggerMgr.java:31)
     	Unparseable number: "-"

ERROR	[2026-03-30 22:41:46,344] [main] (LoggerMgr.java:31)
     	Unparseable number: "-"

ERROR	[2026-03-30 22:41:46,344] [main] (LoggerMgr.java:31)
     	Unparseable number: "-"

ERROR	[2026-03-30 22:41:46,344] [main] (LoggerMgr.java:31)
     	Unparseable number: "-"

ERROR	[2026-03-30 22:41:46,344] [main] (LoggerMgr.java:31)
     	Unparseable number: "-"

ERROR	[2026-03-30 22:41:46,344] [main] (LoggerMgr.java:31)
     	Unparseable number: "-"

ERROR	[2026-03-30 22:41:46,344] [main] (LoggerMgr.java:31)
     	Unparseable number: "-"

ERROR	[2026-03-30 22:41:46,345] [main] (LoggerMgr.java:31)
     	Unparseable number: "-"

ERROR	[2026-03-30 22:41:46,345] [main] (LoggerMgr.java:31)
     	Unparseable number: "-"

ERROR	[2026-03-30 22:42:13,817] [main] (LoggerMgr.java:31)
     	ImportError: No module named provider_helper

ERROR	[2026-03-30 22:43:31,551] [main] (LoggerMgr.java:31)
     	Unparseable number: "-"

ERROR	[2026-03-30 22:43:31,554] [main] (LoggerMgr.java:31)
     	Unparseable number: "-"

ERROR	[2026-03-30 22:43:31,555] [main] (LoggerMgr.java:31)
     	Unparseable number: "-"

ERROR	[2026-03-30 22:43:31,556] [main] (LoggerMgr.java:31)
     	Unparseable number: "-"

ERROR	[2026-03-30 22:43:31,556] [main] (LoggerMgr.java:31)
     	Unparseable number: "-"

ERROR	[2026-03-30 22:43:31,557] [main] (LoggerMgr.java:31)
     	Unparseable number: "-"

ERROR	[2026-03-30 22:43:31,557] [main] (LoggerMgr.java:31)
     	Unparseable number: "-"

ERROR	[2026-03-30 22:43:31,557] [main] (LoggerMgr.java:31)
     	Unparseable number: "-"

ERROR	[2026-03-30 22:43:31,557] [main] (LoggerMgr.java:31)
     	Unparseable number: "-"

ERROR	[2026-03-30 22:43:31,557] [main] (LoggerMgr.java:31)
     	Unparseable number: "-"

ERROR	[2026-03-30 22:43:31,557] [main] (LoggerMgr.java:31)
     	Unparseable number: "-"

ERROR	[2026-03-30 22:43:31,558] [main] (LoggerMgr.java:31)
     	Unparseable number: "-"

ERROR	[2026-03-30 22:43:31,558] [main] (LoggerMgr.java:31)
     	Unparseable number: "-"

ERROR	[2026-03-30 22:43:31,558] [main] (LoggerMgr.java:31)
     	Unparseable number: "-"

ERROR	[2026-03-30 22:43:31,558] [main] (LoggerMgr.java:31)
     	Unparseable number: "-"

ERROR	[2026-03-30 22:43:31,558] [main] (LoggerMgr.java:31)
     	Unparseable number: "-"

ERROR	[2026-03-30 22:46:13,703] [main] (LoggerMgr.java:31)
     	Unparseable number: "-"

ERROR	[2026-03-30 22:46:13,706] [main] (LoggerMgr.java:31)
     	Unparseable number: "-"

ERROR	[2026-03-30 22:46:13,707] [main] (LoggerMgr.java:31)
     	Unparseable number: "-"

ERROR	[2026-03-30 22:46:13,707] [main] (LoggerMgr.java:31)
     	Unparseable number: "-"

ERROR	[2026-03-30 22:46:13,707] [main] (LoggerMgr.java:31)
     	Unparseable number: "-"

ERROR	[2026-03-30 22:46:13,707] [main] (LoggerMgr.java:31)
     	Unparseable number: "-"

ERROR	[2026-03-30 22:46:13,707] [main] (LoggerMgr.java:31)
     	Unparseable number: "-"

ERROR	[2026-03-30 22:46:13,707] [main] (LoggerMgr.java:31)
     	Unparseable number: "-"

ERROR	[2026-03-30 22:46:13,707] [main] (LoggerMgr.java:31)
     	Unparseable number: "-"

ERROR	[2026-03-30 22:46:13,707] [main] (LoggerMgr.java:31)
     	Unparseable number: "-"

ERROR	[2026-03-30 22:46:13,708] [main] (LoggerMgr.java:31)
     	Unparseable number: "-"

ERROR	[2026-03-30 22:46:13,708] [main] (LoggerMgr.java:31)
     	Unparseable number: "-"

ERROR	[2026-03-30 22:46:13,708] [main] (LoggerMgr.java:31)
     	Unparseable number: "-"

ERROR	[2026-03-30 22:46:13,708] [main] (LoggerMgr.java:31)
     	Unparseable number: "-"

ERROR	[2026-03-30 22:46:13,708] [main] (LoggerMgr.java:31)
     	Unparseable number: "-"

ERROR	[2026-03-30 22:46:13,708] [main] (LoggerMgr.java:31)
     	Unparseable number: "-"

ERROR	[2026-03-30 22:49:55,465] [main] (LoggerMgr.java:31)
     	Unparseable number: "-"

ERROR	[2026-03-30 22:49:55,468] [main] (LoggerMgr.java:31)
     	Unparseable number: "-"

ERROR	[2026-03-30 22:49:55,470] [main] (LoggerMgr.java:31)
     	Unparseable number: "-"

ERROR	[2026-03-30 22:49:55,470] [main] (LoggerMgr.java:31)
     	Unparseable number: "-"

ERROR	[2026-03-30 22:49:55,470] [main] (LoggerMgr.java:31)
     	Unparseable number: "-"

ERROR	[2026-03-30 22:49:55,470] [main] (LoggerMgr.java:31)
     	Unparseable number: "-"

ERROR	[2026-03-30 22:49:55,471] [main] (LoggerMgr.java:31)
     	Unparseable number: "-"

ERROR	[2026-03-30 22:49:55,471] [main] (LoggerMgr.java:31)
     	Unparseable number: "-"

ERROR	[2026-03-30 22:49:55,471] [main] (LoggerMgr.java:31)
     	Unparseable number: "-"

ERROR	[2026-03-30 22:49:55,471] [main] (LoggerMgr.java:31)
     	Unparseable number: "-"

ERROR	[2026-03-30 22:49:55,471] [main] (LoggerMgr.java:31)
     	Unparseable number: "-"

ERROR	[2026-03-30 22:49:55,471] [main] (LoggerMgr.java:31)
     	Unparseable number: "-"

ERROR	[2026-03-30 22:49:55,471] [main] (LoggerMgr.java:31)
     	Unparseable number: "-"

ERROR	[2026-03-30 22:49:55,472] [main] (LoggerMgr.java:31)
     	Unparseable number: "-"

ERROR	[2026-03-30 22:49:55,472] [main] (LoggerMgr.java:31)
     	Unparseable number: "-"

ERROR	[2026-03-30 22:49:55,472] [main] (LoggerMgr.java:31)
     	Unparseable number: "-"

ERROR	[2026-03-30 22:51:40,731] [main] (LoggerMgr.java:31)
     	Unparseable number: "-"

ERROR	[2026-03-30 22:51:40,734] [main] (LoggerMgr.java:31)
     	Unparseable number: "-"

ERROR	[2026-03-30 22:51:40,734] [main] (LoggerMgr.java:31)
     	Unparseable number: "-"

ERROR	[2026-03-30 22:51:40,735] [main] (LoggerMgr.java:31)
     	Unparseable number: "-"

ERROR	[2026-03-30 22:51:40,735] [main] (LoggerMgr.java:31)
     	Unparseable number: "-"

ERROR	[2026-03-30 22:51:40,735] [main] (LoggerMgr.java:31)
     	Unparseable number: "-"

ERROR	[2026-03-30 22:51:40,735] [main] (LoggerMgr.java:31)
     	Unparseable number: "-"

ERROR	[2026-03-30 22:51:40,735] [main] (LoggerMgr.java:31)
     	Unparseable number: "-"

ERROR	[2026-03-30 22:51:40,735] [main] (LoggerMgr.java:31)
     	Unparseable number: "-"

ERROR	[2026-03-30 22:51:40,736] [main] (LoggerMgr.java:31)
     	Unparseable number: "-"

ERROR	[2026-03-30 22:51:40,736] [main] (LoggerMgr.java:31)
     	Unparseable number: "-"

ERROR	[2026-03-30 22:51:40,736] [main] (LoggerMgr.java:31)
     	Unparseable number: "-"

ERROR	[2026-03-30 22:51:40,736] [main] (LoggerMgr.java:31)
     	Unparseable number: "-"

ERROR	[2026-03-30 22:51:40,736] [main] (LoggerMgr.java:31)
     	Unparseable number: "-"

ERROR	[2026-03-30 22:51:40,736] [main] (LoggerMgr.java:31)
     	Unparseable number: "-"

ERROR	[2026-03-30 22:51:40,736] [main] (LoggerMgr.java:31)
     	Unparseable number: "-"

ERROR	[2026-03-30 22:52:12,754] [main] (LoggerMgr.java:31)
     	Unparseable number: "-"

ERROR	[2026-03-30 22:52:12,756] [main] (LoggerMgr.java:31)
     	Unparseable number: "-"

ERROR	[2026-03-30 22:52:12,756] [main] (LoggerMgr.java:31)
     	Unparseable number: "-"

ERROR	[2026-03-30 22:52:12,758] [main] (LoggerMgr.java:31)
     	Unparseable number: "-"

ERROR	[2026-03-30 22:52:12,758] [main] (LoggerMgr.java:31)
     	Unparseable number: "-"

ERROR	[2026-03-30 22:52:12,758] [main] (LoggerMgr.java:31)
     	Unparseable number: "-"

ERROR	[2026-03-30 22:52:12,758] [main] (LoggerMgr.java:31)
     	Unparseable number: "-"

ERROR	[2026-03-30 22:52:12,758] [main] (LoggerMgr.java:31)
     	Unparseable number: "-"

ERROR	[2026-03-30 22:52:12,759] [main] (LoggerMgr.java:31)
     	Unparseable number: "-"

ERROR	[2026-03-30 22:52:12,759] [main] (LoggerMgr.java:31)
     	Unparseable number: "-"

ERROR	[2026-03-30 22:52:12,759] [main] (LoggerMgr.java:31)
     	Unparseable number: "-"

ERROR	[2026-03-30 22:52:12,759] [main] (LoggerMgr.java:31)
     	Unparseable number: "-"

ERROR	[2026-03-30 22:52:12,759] [main] (LoggerMgr.java:31)
     	Unparseable number: "-"

ERROR	[2026-03-30 22:52:12,759] [main] (LoggerMgr.java:31)
     	Unparseable number: "-"

ERROR	[2026-03-30 22:52:12,759] [main] (LoggerMgr.java:31)
     	Unparseable number: "-"

ERROR	[2026-03-30 22:52:12,759] [main] (LoggerMgr.java:31)
     	Unparseable number: "-"

ERROR	[2026-03-30 22:55:56,859] [main] (LoggerMgr.java:31)
     	Unparseable number: "-"

ERROR	[2026-03-30 22:55:56,861] [main] (LoggerMgr.java:31)
     	Unparseable number: "-"

ERROR	[2026-03-30 22:55:56,862] [main] (LoggerMgr.java:31)
     	Unparseable number: "-"

ERROR	[2026-03-30 22:55:56,862] [main] (LoggerMgr.java:31)
     	Unparseable number: "-"

ERROR	[2026-03-30 22:55:56,862] [main] (LoggerMgr.java:31)
     	Unparseable number: "-"

ERROR	[2026-03-30 22:55:56,862] [main] (LoggerMgr.java:31)
     	Unparseable number: "-"

ERROR	[2026-03-30 22:55:56,863] [main] (LoggerMgr.java:31)
     	Unparseable number: "-"

ERROR	[2026-03-30 22:55:56,863] [main] (LoggerMgr.java:31)
     	Unparseable number: "-"

ERROR	[2026-03-30 22:55:56,863] [main] (LoggerMgr.java:31)
     	Unparseable number: "-"

ERROR	[2026-03-30 22:55:56,863] [main] (LoggerMgr.java:31)
     	Unparseable number: "-"

ERROR	[2026-03-30 22:55:56,863] [main] (LoggerMgr.java:31)
     	Unparseable number: "-"

ERROR	[2026-03-30 22:55:56,863] [main] (LoggerMgr.java:31)
     	Unparseable number: "-"

ERROR	[2026-03-30 22:55:56,863] [main] (LoggerMgr.java:31)
     	Unparseable number: "-"

ERROR	[2026-03-30 22:55:56,863] [main] (LoggerMgr.java:31)
     	Unparseable number: "-"

ERROR	[2026-03-30 22:55:56,863] [main] (LoggerMgr.java:31)
     	Unparseable number: "-"

ERROR	[2026-03-30 22:55:56,864] [main] (LoggerMgr.java:31)
     	Unparseable number: "-"

ERROR	[2026-03-30 22:56:45,538] [main] (LoggerMgr.java:31)
     	Unparseable number: "-"

ERROR	[2026-03-30 22:56:45,539] [main] (LoggerMgr.java:31)
     	Unparseable number: "-"

ERROR	[2026-03-30 22:56:45,540] [main] (LoggerMgr.java:31)
     	Unparseable number: "-"

ERROR	[2026-03-30 22:56:45,540] [main] (LoggerMgr.java:31)
     	Unparseable number: "-"

ERROR	[2026-03-30 22:56:45,540] [main] (LoggerMgr.java:31)
     	Unparseable number: "-"

ERROR	[2026-03-30 22:56:45,540] [main] (LoggerMgr.java:31)
     	Unparseable number: "-"

ERROR	[2026-03-30 22:56:45,540] [main] (LoggerMgr.java:31)
     	Unparseable number: "-"

ERROR	[2026-03-30 22:56:45,542] [main] (LoggerMgr.java:31)
     	Unparseable number: "-"

ERROR	[2026-03-30 22:56:45,542] [main] (LoggerMgr.java:31)
     	Unparseable number: "-"

ERROR	[2026-03-30 22:56:45,542] [main] (LoggerMgr.java:31)
     	Unparseable number: "-"

ERROR	[2026-03-30 22:56:45,542] [main] (LoggerMgr.java:31)
     	Unparseable number: "-"

ERROR	[2026-03-30 22:56:45,542] [main] (LoggerMgr.java:31)
     	Unparseable number: "-"

ERROR	[2026-03-30 22:56:45,542] [main] (LoggerMgr.java:31)
     	Unparseable number: "-"

ERROR	[2026-03-30 22:56:45,542] [main] (LoggerMgr.java:31)
     	Unparseable number: "-"

ERROR	[2026-03-30 22:56:45,542] [main] (LoggerMgr.java:31)
     	Unparseable number: "-"

ERROR	[2026-03-30 22:56:45,543] [main] (LoggerMgr.java:31)
     	Unparseable number: "-"

 INFO	[2026-03-30 22:59:04,772] [AWT-EventQueue-0] (LoggerMgr.java:36)
     	Bye bye!

ERROR	[2026-03-31 08:41:36,837] [main] (LoggerMgr.java:31)
     	Cannot deserialize value of type `java.util.Date` from String "-": not a valid representation (error: Failed to parse Date value '-': Timestamp value - out of 64-bit value range)
 at [Source: REDACTED (`StreamReadFeature.INCLUDE_SOURCE_IN_LOCATION` disabled); line: 1, column: 4132] (through reference chain: org.softcaster.marketdataprovider.CmeGroup.CmeResult["quotes"]->java.util.ArrayList[4]->org.softcaster.marketdataprovider.CmeGroup.Quote["updated"])

ERROR	[2026-03-31 08:43:19,140] [main] (LoggerMgr.java:31)
     	Error reading file: ycurve_link.csv [begin 0, end 4, length 3]

ERROR	[2026-03-31 08:43:19,157] [main] (LoggerMgr.java:31)
     	Cannot invoke "org.softcaster.market_data_service.model.YieldCurve.getRate(org.softcaster.commons.types.Date)" because the return value of "java.util.concurrent.ConcurrentHashMap.get(Object)" is null

ERROR	[2026-03-31 08:45:14,498] [main] (LoggerMgr.java:31)
     	Cannot deserialize value of type `java.util.Date` from String "-": not a valid representation (error: Failed to parse Date value '-': Timestamp value - out of 64-bit value range)
 at [Source: REDACTED (`StreamReadFeature.INCLUDE_SOURCE_IN_LOCATION` disabled); line: 1, column: 4134] (through reference chain: org.softcaster.marketdataprovider.CmeGroup.CmeResult["quotes"]->java.util.ArrayList[4]->org.softcaster.marketdataprovider.CmeGroup.Quote["updated"])

ERROR	[2026-03-31 08:46:08,071] [main] (LoggerMgr.java:31)
     	Error reading file: ycurve_link.csv [begin 0, end 4, length 3]

ERROR	[2026-03-31 08:46:08,088] [main] (LoggerMgr.java:31)
     	Cannot invoke "org.softcaster.market_data_service.model.YieldCurve.getRate(org.softcaster.commons.types.Date)" because the return value of "java.util.concurrent.ConcurrentHashMap.get(Object)" is null

 INFO	[2026-03-31 08:47:30,776] [AWT-EventQueue-0] (LoggerMgr.java:36)
     	Bye bye!

 INFO	[2026-04-02 20:41:58,225] [AWT-EventQueue-0] (LoggerMgr.java:36)
     	Bye bye!

