ERROR	[2026-03-27 21:14:12,692] [main] (LoggerMgr.java:31)
     	Cannot invoke "java.lang.Double.doubleValue()" because the return value of "org.softcaster.commons.utils.Converter.toDouble(String, boolean)" is null

ERROR	[2026-03-27 21:14:12,702] [main] (LoggerMgr.java:31)
     	Cannot invoke "java.lang.Double.doubleValue()" because the return value of "org.softcaster.commons.utils.Converter.toDouble(String, boolean)" is null

ERROR	[2026-03-27 21:14:12,705] [main] (LoggerMgr.java:31)
     	Cannot invoke "java.lang.Double.doubleValue()" because the return value of "org.softcaster.commons.utils.Converter.toDouble(String, boolean)" is null

ERROR	[2026-03-27 21:14:12,708] [main] (LoggerMgr.java:31)
     	Cannot invoke "java.lang.Double.doubleValue()" because the return value of "org.softcaster.commons.utils.Converter.toDouble(String, boolean)" is null

ERROR	[2026-03-27 21:14:12,717] [main] (LoggerMgr.java:31)
     	Cannot invoke "java.lang.Double.doubleValue()" because the return value of "org.softcaster.commons.utils.Converter.toDouble(String, boolean)" is null

ERROR	[2026-03-27 21:17:55,405] [main] (LoggerMgr.java:31)
     	Cannot invoke "java.lang.Double.doubleValue()" because the return value of "org.softcaster.commons.utils.Converter.toDouble(String, boolean)" is null

ERROR	[2026-03-27 21:20:44,544] [main] (LoggerMgr.java:31)
     	Cannot invoke "java.lang.Double.doubleValue()" because the return value of "org.softcaster.commons.utils.Converter.toDouble(String, boolean)" is null

ERROR	[2026-03-27 21:20:44,554] [main] (LoggerMgr.java:31)
     	Cannot invoke "java.lang.Double.doubleValue()" because the return value of "org.softcaster.commons.utils.Converter.toDouble(String, boolean)" is null

ERROR	[2026-03-27 21:20:44,556] [main] (LoggerMgr.java:31)
     	Cannot invoke "java.lang.Double.doubleValue()" because the return value of "org.softcaster.commons.utils.Converter.toDouble(String, boolean)" is null

ERROR	[2026-03-27 21:20:44,559] [main] (LoggerMgr.java:31)
     	Cannot invoke "java.lang.Double.doubleValue()" because the return value of "org.softcaster.commons.utils.Converter.toDouble(String, boolean)" is null

ERROR	[2026-03-27 21:20:44,561] [main] (LoggerMgr.java:31)
     	Cannot invoke "java.lang.Double.doubleValue()" because the return value of "org.softcaster.commons.utils.Converter.toDouble(String, boolean)" is null

ERROR	[2026-03-27 21:23:26,421] [main] (LoggerMgr.java:31)
     	Cannot invoke "java.lang.Double.doubleValue()" because the return value of "org.softcaster.commons.utils.Converter.toDouble(String, boolean)" is null

ERROR	[2026-03-27 21:23:26,436] [main] (LoggerMgr.java:31)
     	Cannot invoke "java.lang.Double.doubleValue()" because the return value of "org.softcaster.commons.utils.Converter.toDouble(String, boolean)" is null

ERROR	[2026-03-27 21:23:26,443] [main] (LoggerMgr.java:31)
     	Cannot invoke "java.lang.Double.doubleValue()" because the return value of "org.softcaster.commons.utils.Converter.toDouble(String, boolean)" is null

ERROR	[2026-03-27 21:23:26,451] [main] (LoggerMgr.java:31)
     	Cannot invoke "java.lang.Double.doubleValue()" because the return value of "org.softcaster.commons.utils.Converter.toDouble(String, boolean)" is null

ERROR	[2026-03-27 21:23:26,460] [main] (LoggerMgr.java:31)
     	Cannot invoke "java.lang.Double.doubleValue()" because the return value of "org.softcaster.commons.utils.Converter.toDouble(String, boolean)" is null

ERROR	[2026-03-27 21:27:15,521] [main] (LoggerMgr.java:31)
     	Cannot invoke "java.lang.Double.doubleValue()" because the return value of "org.softcaster.commons.utils.Converter.toDouble(String, boolean)" is null

ERROR	[2026-03-27 21:27:15,529] [main] (LoggerMgr.java:31)
     	Cannot invoke "java.lang.Double.doubleValue()" because the return value of "org.softcaster.commons.utils.Converter.toDouble(String, boolean)" is null

ERROR	[2026-03-27 21:27:15,534] [main] (LoggerMgr.java:31)
     	Cannot invoke "java.lang.Double.doubleValue()" because the return value of "org.softcaster.commons.utils.Converter.toDouble(String, boolean)" is null

ERROR	[2026-03-27 21:27:15,537] [main] (LoggerMgr.java:31)
     	Cannot invoke "java.lang.Double.doubleValue()" because the return value of "org.softcaster.commons.utils.Converter.toDouble(String, boolean)" is null

ERROR	[2026-03-27 21:27:15,539] [main] (LoggerMgr.java:31)
     	Cannot invoke "java.lang.Double.doubleValue()" because the return value of "org.softcaster.commons.utils.Converter.toDouble(String, boolean)" is null

ERROR	[2026-03-27 23:12:07,558] [main] (LoggerMgr.java:31)
     	Unrecognized field "title" (class org.softcaster.marketdataprovider.CmeGroup.CmeResult), not marked as ignorable (5 known properties: "tradeDate", "empty", "quoteDelayed", "quoteDelay", "quotes"])
 at [Source: REDACTED (`StreamReadFeature.INCLUDE_SOURCE_IN_LOCATION` disabled); line: 1, column: 11] (through reference chain: org.softcaster.marketdataprovider.CmeGroup.CmeResult["title"])

ERROR	[2026-03-27 23:15:09,639] [main] (LoggerMgr.java:31)
     	Unrecognized field "title" (class org.softcaster.marketdataprovider.CmeGroup.CmeResult), not marked as ignorable (5 known properties: "tradeDate", "empty", "quoteDelayed", "quoteDelay", "quotes"])
 at [Source: REDACTED (`StreamReadFeature.INCLUDE_SOURCE_IN_LOCATION` disabled); line: 1, column: 11] (through reference chain: org.softcaster.marketdataprovider.CmeGroup.CmeResult["title"])

ERROR	[2026-03-28 18:22:07,635] [main] (LoggerMgr.java:31)
     	www.euribor-rates.eu

ERROR	[2026-03-28 18:23:56,762] [main] (LoggerMgr.java:31)
     	www.euribor-rates.eu

ERROR	[2026-03-28 18:28:36,458] [main] (LoggerMgr.java:31)
     	www.euribor-rates.eu

ERROR	[2026-03-28 18:29:51,776] [main] (LoggerMgr.java:31)
     	www.euribor-rates.eu

ERROR	[2026-03-28 18:30:13,964] [main] (LoggerMgr.java:31)
     	www.euribor-rates.eu

ERROR	[2026-03-28 18:30:59,921] [main] (LoggerMgr.java:31)
     	www.euribor-rates.eu

ERROR	[2026-03-28 18:37:48,943] [main] (LoggerMgr.java:31)
     	www.euribor-rates.eu

ERROR	[2026-03-28 19:53:46,328] [main] (LoggerMgr.java:31)
     	www.euribor-rates.eu

ERROR	[2026-03-28 19:54:55,696] [main] (LoggerMgr.java:31)
     	www.euribor-rates.eu

ERROR	[2026-03-28 20:21:51,694] [main] (LoggerMgr.java:31)
     	Unrecognized field "title" (class org.softcaster.marketdataprovider.CmeGroup.CmeResult), not marked as ignorable (5 known properties: "tradeDate", "empty", "quoteDelayed", "quoteDelay", "quotes"])
 at [Source: REDACTED (`StreamReadFeature.INCLUDE_SOURCE_IN_LOCATION` disabled); line: 1, column: 11] (through reference chain: org.softcaster.marketdataprovider.CmeGroup.CmeResult["title"])

ERROR	[2026-03-28 20:24:28,988] [main] (LoggerMgr.java:31)
     	Unrecognized field "title" (class org.softcaster.marketdataprovider.CmeGroup.CmeResult), not marked as ignorable (5 known properties: "tradeDate", "empty", "quoteDelayed", "quoteDelay", "quotes"])
 at [Source: REDACTED (`StreamReadFeature.INCLUDE_SOURCE_IN_LOCATION` disabled); line: 1, column: 11] (through reference chain: org.softcaster.marketdataprovider.CmeGroup.CmeResult["title"])

ERROR	[2026-03-28 20:27:06,759] [main] (LoggerMgr.java:31)
     	Unrecognized field "title" (class org.softcaster.marketdataprovider.CmeGroup.CmeResult), not marked as ignorable (5 known properties: "tradeDate", "empty", "quoteDelayed", "quoteDelay", "quotes"])
 at [Source: REDACTED (`StreamReadFeature.INCLUDE_SOURCE_IN_LOCATION` disabled); line: 1, column: 11] (through reference chain: org.softcaster.marketdataprovider.CmeGroup.CmeResult["title"])

ERROR	[2026-03-28 21:32:16,909] [main] (LoggerMgr.java:31)
     	Index 1 out of bounds for length 1

ERROR	[2026-03-28 21:34:59,110] [main] (LoggerMgr.java:31)
     	Index 1 out of bounds for length 1

ERROR	[2026-03-28 21:37:32,237] [main] (LoggerMgr.java:31)
     	Server returned HTTP response code: 403 for URL: https://www.mutuionline.it/guide-mutui/jsonirs/40/2026/03

ERROR	[2026-03-28 21:37:32,563] [main] (LoggerMgr.java:31)
     	Server returned HTTP response code: 403 for URL: https://www.mutuionline.it/guide-mutui/jsonirs/45/2026/03

ERROR	[2026-03-28 21:37:32,883] [main] (LoggerMgr.java:31)
     	Server returned HTTP response code: 403 for URL: https://www.mutuionline.it/guide-mutui/jsonirs/50/2026/03

ERROR	[2026-03-28 21:41:07,248] [main] (LoggerMgr.java:31)
     	Server returned HTTP response code: 403 for URL: https://www.mutuionline.it

ERROR	[2026-03-28 21:42:00,128] [main] (LoggerMgr.java:31)
     	Server returned HTTP response code: 403 for URL: https://www.mutuionline.it

ERROR	[2026-03-28 22:06:39,151] [main] (LoggerMgr.java:31)
     	Server returned HTTP response code: 403 for URL: https://www.cmegroup.com/

ERROR	[2026-03-28 22:07:31,021] [main] (LoggerMgr.java:31)
     	Server returned HTTP response code: 403 for URL: https://www.cmegroup.com

ERROR	[2026-03-29 15:23:54,312] [main] (LoggerMgr.java:31)
     	Index 1 out of bounds for length 1

ERROR	[2026-03-30 09:56:29,841] [main] (LoggerMgr.java:31)
     	Unparseable number: "-"

ERROR	[2026-03-30 09:56:29,843] [main] (LoggerMgr.java:31)
     	Unparseable number: "-"

ERROR	[2026-03-30 09:56:29,844] [main] (LoggerMgr.java:31)
     	Unparseable number: "-"

ERROR	[2026-03-30 09:56:29,844] [main] (LoggerMgr.java:31)
     	Unparseable number: "-"

ERROR	[2026-03-30 09:56:29,844] [main] (LoggerMgr.java:31)
     	Unparseable number: "-"

ERROR	[2026-03-30 09:56:29,844] [main] (LoggerMgr.java:31)
     	Unparseable number: "-"

ERROR	[2026-03-30 09:56:29,845] [main] (LoggerMgr.java:31)
     	Unparseable number: "-"

ERROR	[2026-03-30 09:56:29,845] [main] (LoggerMgr.java:31)
     	Unparseable number: "-"

ERROR	[2026-03-30 09:56:29,845] [main] (LoggerMgr.java:31)
     	Unparseable number: "-"

ERROR	[2026-03-30 09:56:29,845] [main] (LoggerMgr.java:31)
     	Unparseable number: "-"

ERROR	[2026-03-30 09:56:29,846] [main] (LoggerMgr.java:31)
     	Unparseable number: "-"

ERROR	[2026-03-30 09:56:29,846] [main] (LoggerMgr.java:31)
     	Unparseable number: "-"

ERROR	[2026-03-30 09:56:29,846] [main] (LoggerMgr.java:31)
     	Unparseable number: "-"

ERROR	[2026-03-30 09:56:29,846] [main] (LoggerMgr.java:31)
     	Unparseable number: "-"

ERROR	[2026-03-30 09:56:29,846] [main] (LoggerMgr.java:31)
     	Unparseable number: "-"

ERROR	[2026-03-30 09:56:29,846] [main] (LoggerMgr.java:31)
     	Unparseable number: "-"

ERROR	[2026-03-30 09:56:29,848] [main] (LoggerMgr.java:31)
     	Unparseable number: "-"

ERROR	[2026-03-30 09:56:29,848] [main] (LoggerMgr.java:31)
     	Unparseable number: "-"

ERROR	[2026-03-30 09:56:29,848] [main] (LoggerMgr.java:31)
     	Unparseable number: "-"

ERROR	[2026-03-30 09:56:29,848] [main] (LoggerMgr.java:31)
     	Unparseable number: "-"

ERROR	[2026-03-30 09:56:29,848] [main] (LoggerMgr.java:31)
     	Unparseable number: "-"

ERROR	[2026-03-30 09:56:29,848] [main] (LoggerMgr.java:31)
     	Unparseable number: "-"

ERROR	[2026-03-30 09:56:29,849] [main] (LoggerMgr.java:31)
     	Unparseable number: "-"

ERROR	[2026-03-30 09:56:29,849] [main] (LoggerMgr.java:31)
     	Unparseable number: "-"

ERROR	[2026-03-30 16:07:27,112] [main] (LoggerMgr.java:31)
     	Server returned HTTP response code: 504 for URL: https://mercatiwdg.ilsole24ore.com/FinanzaMercati/WidgetSelector/listino?widgetConfiguration=FMIRS

ERROR	[2026-04-09 22:20:25,767] [main] (LoggerMgr.java:31)
     	Unparseable number: "-"

ERROR	[2026-04-09 22:20:25,770] [main] (LoggerMgr.java:31)
     	Unparseable number: "-"

ERROR	[2026-04-09 22:20:25,771] [main] (LoggerMgr.java:31)
     	Unparseable number: "-"

ERROR	[2026-04-09 22:20:25,771] [main] (LoggerMgr.java:31)
     	Unparseable number: "-"

ERROR	[2026-04-09 22:20:25,771] [main] (LoggerMgr.java:31)
     	Unparseable number: "-"

ERROR	[2026-04-09 22:20:25,773] [main] (LoggerMgr.java:31)
     	Unparseable number: "-"

ERROR	[2026-04-09 22:20:25,773] [main] (LoggerMgr.java:31)
     	Unparseable number: "-"

ERROR	[2026-04-09 22:20:25,774] [main] (LoggerMgr.java:31)
     	Unparseable number: "-"

ERROR	[2026-04-09 22:20:25,774] [main] (LoggerMgr.java:31)
     	Unparseable number: "-"

ERROR	[2026-04-09 22:20:25,774] [main] (LoggerMgr.java:31)
     	Unparseable number: "-"

ERROR	[2026-04-09 22:20:25,775] [main] (LoggerMgr.java:31)
     	Unparseable number: "-"

ERROR	[2026-04-09 22:20:25,775] [main] (LoggerMgr.java:31)
     	Unparseable number: "-"

ERROR	[2026-04-09 22:20:25,775] [main] (LoggerMgr.java:31)
     	Unparseable number: "-"

ERROR	[2026-04-09 22:20:25,776] [main] (LoggerMgr.java:31)
     	Unparseable number: "-"

ERROR	[2026-04-09 22:20:25,776] [main] (LoggerMgr.java:31)
     	Unparseable number: "-"

ERROR	[2026-04-09 22:20:25,776] [main] (LoggerMgr.java:31)
     	Unparseable number: "-"

ERROR	[2026-04-09 22:20:25,778] [main] (LoggerMgr.java:31)
     	Unparseable number: "-"

ERROR	[2026-04-09 22:20:25,778] [main] (LoggerMgr.java:31)
     	Unparseable number: "-"

ERROR	[2026-04-09 22:20:25,778] [main] (LoggerMgr.java:31)
     	Unparseable number: "-"

ERROR	[2026-04-09 22:20:25,778] [main] (LoggerMgr.java:31)
     	Unparseable number: "-"

ERROR	[2026-04-13 16:20:21,229] [main] (LoggerMgr.java:31)
     	Unparseable number: "-"

ERROR	[2026-04-13 16:20:21,239] [main] (LoggerMgr.java:31)
     	Unparseable number: "-"

ERROR	[2026-04-13 16:20:21,239] [main] (LoggerMgr.java:31)
     	Unparseable number: "-"

ERROR	[2026-04-13 16:20:21,239] [main] (LoggerMgr.java:31)
     	Unparseable number: "-"

ERROR	[2026-04-13 16:20:21,239] [main] (LoggerMgr.java:31)
     	Unparseable number: "-"

ERROR	[2026-04-13 16:20:21,240] [main] (LoggerMgr.java:31)
     	Unparseable number: "-"

ERROR	[2026-04-13 16:20:21,240] [main] (LoggerMgr.java:31)
     	Unparseable number: "-"

ERROR	[2026-04-13 16:20:21,240] [main] (LoggerMgr.java:31)
     	Unparseable number: "-"

ERROR	[2026-04-13 16:20:21,240] [main] (LoggerMgr.java:31)
     	Unparseable number: "-"

ERROR	[2026-04-13 16:20:21,241] [main] (LoggerMgr.java:31)
     	Unparseable number: "-"

ERROR	[2026-04-13 16:20:21,241] [main] (LoggerMgr.java:31)
     	Unparseable number: "-"

ERROR	[2026-04-13 16:20:21,241] [main] (LoggerMgr.java:31)
     	Unparseable number: "-"

ERROR	[2026-04-13 16:20:21,241] [main] (LoggerMgr.java:31)
     	Unparseable number: "-"

ERROR	[2026-04-13 16:20:21,241] [main] (LoggerMgr.java:31)
     	Unparseable number: "-"

ERROR	[2026-04-13 16:20:21,241] [main] (LoggerMgr.java:31)
     	Unparseable number: "-"

ERROR	[2026-04-13 16:20:21,241] [main] (LoggerMgr.java:31)
     	Unparseable number: "-"

ERROR	[2026-04-13 16:20:21,242] [main] (LoggerMgr.java:31)
     	Unparseable number: "-"

ERROR	[2026-04-13 16:20:21,242] [main] (LoggerMgr.java:31)
     	Unparseable number: "-"

ERROR	[2026-04-13 16:20:21,242] [main] (LoggerMgr.java:31)
     	Unparseable number: "-"

ERROR	[2026-04-13 16:20:21,242] [main] (LoggerMgr.java:31)
     	Unparseable number: "-"

ERROR	[2026-04-13 16:20:21,242] [main] (LoggerMgr.java:31)
     	Unparseable number: "-"

ERROR	[2026-04-13 16:20:21,242] [main] (LoggerMgr.java:31)
     	Unparseable number: "-"

